../Core/Src/main.c:94:6:HAL_GPIO_EXTI_Callback	16	static
../Core/Src/main.c:102:6:HAL_TIM_PeriodElapsedCallback	32	static
../Core/Src/main.c:115:6:HAL_I2C_MemRxCpltCallback	24	static
../Core/Src/main.c:127:6:ftoa	48	static
../Core/Src/main.c:139:5:main	160	static
../Core/Src/main.c:256:6:SystemClock_Config	96	static
../Core/Src/main.c:306:13:MX_I2C1_Init	8	static
../Core/Src/main.c:354:13:MX_TIM16_Init	8	static
../Core/Src/main.c:386:13:MX_TIM17_Init	8	static
../Core/Src/main.c:418:13:MX_USART2_UART_Init	8	static
../Core/Src/main.c:453:13:MX_GPIO_Init	48	static
../Core/Src/main.c:503:6:Error_Handler	4	static,ignoring_inline_asm
